The ``2-matrix_divided`` doctest
==========================
Imports ``matrix_divided`` function from ``2-matrix_divided``
and tests for any edge cases that may break the functionality
of the imported function

>>> matrix_divided = __import__('2-matrix_divided').matrix_divided

N
>>> matrix1 = [[1, 2, 3],[4, 5, 6]]
>>> matrix_divided(matrix1, 3)
[[0.33, 0.67, 1.0], [1.33, 1.67, 2.0]]

>>> matrix2 = [["Holberton", "School", "98"],["98", "School", "Holberton"]]
>>> matrix_divided(matrix2, 3)
Traceback (most recent call last):
...
TypeError: matrix must be a matrix (list of lists) of integers/floats
